mode: set
github.com/mwdev22/grpclib/grpcctx/ctx.go:12.67,14.2 1 1
github.com/mwdev22/grpclib/grpcctx/ctx.go:16.44,17.52 1 1
github.com/mwdev22/grpclib/grpcctx/ctx.go:17.52,19.3 1 1
github.com/mwdev22/grpclib/grpcctx/ctx.go:20.2,20.11 1 1
github.com/mwdev22/grpclib/grpcctx/ctx.go:23.66,25.2 1 1
github.com/mwdev22/grpclib/grpcctx/ctx.go:27.43,28.51 1 1
github.com/mwdev22/grpclib/grpcctx/ctx.go:28.51,30.3 1 1
github.com/mwdev22/grpclib/grpcctx/ctx.go:31.2,31.11 1 1
github.com/mwdev22/grpclib/grpcserver/options.go:23.63,24.26 1 1
github.com/mwdev22/grpclib/grpcserver/options.go:24.26,24.45 1 1
github.com/mwdev22/grpclib/grpcserver/options.go:27.69,28.26 1 1
github.com/mwdev22/grpclib/grpcserver/options.go:28.26,28.85 1 1
github.com/mwdev22/grpclib/grpcserver/options.go:31.71,32.26 1 1
github.com/mwdev22/grpclib/grpcserver/options.go:32.26,32.87 1 1
github.com/mwdev22/grpclib/grpcserver/options.go:35.50,36.26 1 1
github.com/mwdev22/grpclib/grpcserver/options.go:36.26,36.51 1 1
github.com/mwdev22/grpclib/grpcserver/options.go:39.42,40.26 1 1
github.com/mwdev22/grpclib/grpcserver/options.go:40.26,40.58 1 1
github.com/mwdev22/grpclib/grpcserver/server.go:28.47,34.26 2 1
github.com/mwdev22/grpclib/grpcserver/server.go:34.26,36.3 1 1
github.com/mwdev22/grpclib/grpcserver/server.go:38.2,39.34 2 1
github.com/mwdev22/grpclib/grpcserver/server.go:39.34,41.3 1 1
github.com/mwdev22/grpclib/grpcserver/server.go:42.2,42.35 1 1
github.com/mwdev22/grpclib/grpcserver/server.go:42.35,44.3 1 1
github.com/mwdev22/grpclib/grpcserver/server.go:46.2,46.20 1 1
github.com/mwdev22/grpclib/grpcserver/server.go:46.20,48.3 1 1
github.com/mwdev22/grpclib/grpcserver/server.go:50.2,56.24 2 1
github.com/mwdev22/grpclib/grpcserver/server.go:56.24,58.3 1 1
github.com/mwdev22/grpclib/grpcserver/server.go:60.2,60.10 1 1
github.com/mwdev22/grpclib/grpcserver/server.go:63.57,67.2 3 1
github.com/mwdev22/grpclib/grpcserver/server.go:69.61,75.16 5 1
github.com/mwdev22/grpclib/grpcserver/server.go:75.16,77.3 1 0
github.com/mwdev22/grpclib/grpcserver/server.go:78.2,81.34 2 1
github.com/mwdev22/grpclib/grpcserver/server.go:81.34,83.3 1 0
github.com/mwdev22/grpclib/grpcserver/server.go:85.2,85.12 1 1
github.com/mwdev22/grpclib/grpcserver/server.go:85.12,87.3 1 1
github.com/mwdev22/grpclib/grpcserver/server.go:89.2,89.33 1 1
github.com/mwdev22/grpclib/grpcserver/server.go:92.32,93.18 1 1
github.com/mwdev22/grpclib/grpcserver/server.go:93.18,95.3 1 1
github.com/mwdev22/grpclib/grpcserver/server.go:96.2,96.30 1 1
github.com/mwdev22/grpclib/grpcserver/server.go:99.44,101.2 1 1
github.com/mwdev22/grpclib/grpcserver/server.go:103.50,104.37 1 1
github.com/mwdev22/grpclib/grpcserver/server.go:104.37,106.3 1 1
github.com/mwdev22/grpclib/grpcserver/server.go:108.2,108.18 1 1
github.com/mwdev22/grpclib/grpcserver/server.go:108.18,110.3 1 1
github.com/mwdev22/grpclib/grpcserver/server.go:112.2,113.12 2 1
github.com/mwdev22/grpclib/grpcserver/server.go:113.12,116.3 2 1
github.com/mwdev22/grpclib/grpcserver/server.go:118.2,119.40 2 1
github.com/mwdev22/grpclib/grpcserver/server.go:119.40,121.26 2 1
github.com/mwdev22/grpclib/grpcserver/server.go:121.26,123.4 1 1
github.com/mwdev22/grpclib/grpcserver/server.go:126.2,126.9 1 1
github.com/mwdev22/grpclib/grpcserver/server.go:127.14,128.13 1 1
github.com/mwdev22/grpclib/grpcserver/server.go:129.29,131.65 2 0
github.com/mwdev22/grpclib/grpcserver/server.go:135.65,136.14 1 1
github.com/mwdev22/grpclib/grpcserver/server.go:136.14,138.3 1 1
github.com/mwdev22/grpclib/grpcserver/server.go:139.2,139.25 1 1
github.com/mwdev22/grpclib/grpcserver/server.go:139.25,141.3 1 1
github.com/mwdev22/grpclib/grpcserver/server.go:142.2,142.70 1 1
github.com/mwdev22/grpclib/grpcclient/client.go:19.77,30.27 2 1
github.com/mwdev22/grpclib/grpcclient/client.go:30.27,32.3 1 1
github.com/mwdev22/grpclib/grpcclient/client.go:34.2,34.16 1 1
github.com/mwdev22/grpclib/grpcclient/client.go:34.16,36.3 1 1
github.com/mwdev22/grpclib/grpcclient/client.go:38.2,42.26 3 0
github.com/mwdev22/grpclib/grpcclient/client.go:42.26,44.3 1 0
github.com/mwdev22/grpclib/grpcclient/client.go:44.8,46.3 1 0
github.com/mwdev22/grpclib/grpcclient/client.go:48.2,61.40 3 0
github.com/mwdev22/grpclib/grpcclient/client.go:61.40,63.3 1 0
github.com/mwdev22/grpclib/grpcclient/client.go:64.2,64.41 1 0
github.com/mwdev22/grpclib/grpcclient/client.go:64.41,66.3 1 0
github.com/mwdev22/grpclib/grpcclient/client.go:68.2,74.16 5 0
github.com/mwdev22/grpclib/grpcclient/client.go:74.16,76.3 1 0
github.com/mwdev22/grpclib/grpcclient/client.go:78.2,81.8 1 0
github.com/mwdev22/grpclib/grpcclient/client.go:84.42,86.2 1 1
github.com/mwdev22/grpclib/grpcclient/client.go:88.32,89.19 1 1
github.com/mwdev22/grpclib/grpcclient/client.go:89.19,91.3 1 0
github.com/mwdev22/grpclib/grpcclient/client.go:92.2,92.12 1 1
github.com/mwdev22/grpclib/grpcclient/client.go:95.45,96.19 1 1
github.com/mwdev22/grpclib/grpcclient/client.go:96.19,98.3 1 0
github.com/mwdev22/grpclib/grpcclient/client.go:99.2,99.30 1 1
github.com/mwdev22/grpclib/grpcclient/client.go:102.58,103.19 1 0
github.com/mwdev22/grpclib/grpcclient/client.go:103.19,105.3 1 0
github.com/mwdev22/grpclib/grpcclient/client.go:107.2,108.33 2 0
github.com/mwdev22/grpclib/grpcclient/client.go:108.33,110.3 1 0
github.com/mwdev22/grpclib/grpcclient/client.go:112.2,112.6 1 0
github.com/mwdev22/grpclib/grpcclient/client.go:112.6,113.45 1 0
github.com/mwdev22/grpclib/grpcclient/client.go:113.45,115.4 1 0
github.com/mwdev22/grpclib/grpcclient/client.go:116.3,117.34 2 0
github.com/mwdev22/grpclib/grpcclient/client.go:117.34,119.4 1 0
github.com/mwdev22/grpclib/grpcclient/client.go:120.3,120.37 1 0
github.com/mwdev22/grpclib/grpcclient/client.go:120.37,122.4 1 0
github.com/mwdev22/grpclib/grpcclient/client.go:126.35,127.19 1 1
github.com/mwdev22/grpclib/grpcclient/client.go:127.19,129.3 1 1
github.com/mwdev22/grpclib/grpcclient/client.go:130.2,131.66 2 0
github.com/mwdev22/grpclib/grpcclient/options.go:38.69,39.26 1 1
github.com/mwdev22/grpclib/grpcclient/options.go:39.26,39.45 1 1
github.com/mwdev22/grpclib/grpcclient/options.go:42.28,43.26 1 1
github.com/mwdev22/grpclib/grpcclient/options.go:43.26,43.65 1 1
github.com/mwdev22/grpclib/grpcclient/options.go:46.52,47.26 1 1
github.com/mwdev22/grpclib/grpcclient/options.go:47.26,47.53 1 1
github.com/mwdev22/grpclib/grpcclient/options.go:50.56,51.26 1 1
github.com/mwdev22/grpclib/grpcclient/options.go:51.26,54.3 2 1
github.com/mwdev22/grpclib/grpcclient/options.go:57.80,58.26 1 1
github.com/mwdev22/grpclib/grpcclient/options.go:58.26,58.96 1 1
github.com/mwdev22/grpclib/grpcclient/options.go:61.82,62.26 1 1
github.com/mwdev22/grpclib/grpcclient/options.go:62.26,62.98 1 1
github.com/mwdev22/grpclib/grpcclient/options.go:65.56,66.26 1 1
github.com/mwdev22/grpclib/grpcclient/options.go:66.26,69.3 2 1
github.com/mwdev22/grpclib/grpcclient/options.go:72.55,73.26 1 1
github.com/mwdev22/grpclib/grpcclient/options.go:73.26,73.56 1 1
github.com/mwdev22/grpclib/grpcclient/options.go:76.39,77.26 1 1
github.com/mwdev22/grpclib/grpcclient/options.go:77.26,80.3 2 1
github.com/mwdev22/grpclib/grpcclient/options.go:83.54,84.26 1 1
github.com/mwdev22/grpclib/grpcclient/options.go:84.26,84.76 1 1
github.com/mwdev22/grpclib/grpcclient/pool.go:23.89,24.15 1 0
github.com/mwdev22/grpclib/grpcclient/pool.go:24.15,26.3 1 0
github.com/mwdev22/grpclib/grpcclient/pool.go:28.2,32.28 2 0
github.com/mwdev22/grpclib/grpcclient/pool.go:32.28,34.17 2 0
github.com/mwdev22/grpclib/grpcclient/pool.go:34.17,37.4 2 0
github.com/mwdev22/grpclib/grpcclient/pool.go:38.3,38.46 1 0
github.com/mwdev22/grpclib/grpcclient/pool.go:41.2,41.18 1 0
github.com/mwdev22/grpclib/grpcclient/pool.go:44.30,48.25 3 1
github.com/mwdev22/grpclib/grpcclient/pool.go:48.25,50.3 1 1
github.com/mwdev22/grpclib/grpcclient/pool.go:52.2,53.23 2 1
github.com/mwdev22/grpclib/grpcclient/pool.go:56.43,58.19 2 1
github.com/mwdev22/grpclib/grpcclient/pool.go:58.19,60.3 1 1
github.com/mwdev22/grpclib/grpcclient/pool.go:61.2,61.22 1 1
github.com/mwdev22/grpclib/grpcclient/pool.go:64.37,70.38 4 1
github.com/mwdev22/grpclib/grpcclient/pool.go:70.38,72.33 2 1
github.com/mwdev22/grpclib/grpcclient/pool.go:72.33,75.4 2 0
github.com/mwdev22/grpclib/grpcclient/pool.go:78.2,78.12 1 1
github.com/mwdev22/grpclib/grpcclient/pool.go:81.27,85.2 3 1
github.com/mwdev22/grpclib/grpcclient/pool.go:87.35,92.35 4 1
github.com/mwdev22/grpclib/grpcclient/pool.go:92.35,93.25 1 1
github.com/mwdev22/grpclib/grpcclient/pool.go:93.25,95.4 1 0
github.com/mwdev22/grpclib/grpcclient/pool.go:97.2,97.14 1 1
github.com/mwdev22/grpclib/grpcclient/pool.go:100.30,105.35 4 1
github.com/mwdev22/grpclib/grpcclient/pool.go:105.35,106.40 1 1
github.com/mwdev22/grpclib/grpcclient/pool.go:106.40,108.4 1 0
github.com/mwdev22/grpclib/grpcclient/pool.go:111.2,111.19 1 1
github.com/mwdev22/grpclib/grpcclient/pool.go:111.19,113.3 1 0
github.com/mwdev22/grpclib/grpcclient/pool.go:115.2,115.12 1 1
github.com/mwdev22/grpclib/grpcclient/pool.go:118.56,124.23 5 0
github.com/mwdev22/grpclib/grpcclient/pool.go:124.23,126.3 1 0
github.com/mwdev22/grpclib/grpcclient/pool.go:128.2,131.33 3 0
github.com/mwdev22/grpclib/grpcclient/pool.go:131.33,132.22 1 0
github.com/mwdev22/grpclib/grpcclient/pool.go:132.22,133.46 1 0
github.com/mwdev22/grpclib/grpcclient/pool.go:133.46,135.5 1 0
github.com/mwdev22/grpclib/grpcclient/pool.go:135.10,136.12 1 0
github.com/mwdev22/grpclib/grpcclient/pool.go:137.36,137.36 0 0
github.com/mwdev22/grpclib/grpcclient/pool.go:138.13,138.13 0 0
github.com/mwdev22/grpclib/grpcclient/pool.go:144.2,144.9 1 0
github.com/mwdev22/grpclib/grpcclient/pool.go:145.21,146.13 1 0
github.com/mwdev22/grpclib/grpcclient/pool.go:147.20,148.19 1 0
github.com/mwdev22/grpclib/grpcclient/pool.go:149.24,150.13 1 0
github.com/mwdev22/grpclib/interceptor/client.go:15.63,16.19 1 1
github.com/mwdev22/grpclib/interceptor/client.go:16.19,18.3 1 0
github.com/mwdev22/grpclib/interceptor/client.go:19.2,19.145 1 1
github.com/mwdev22/grpclib/interceptor/client.go:19.145,25.17 4 1
github.com/mwdev22/grpclib/interceptor/client.go:25.17,29.4 2 1
github.com/mwdev22/grpclib/interceptor/client.go:29.9,32.4 1 1
github.com/mwdev22/grpclib/interceptor/client.go:34.3,34.13 1 1
github.com/mwdev22/grpclib/interceptor/client.go:38.92,39.21 1 1
github.com/mwdev22/grpclib/interceptor/client.go:39.21,41.3 1 0
github.com/mwdev22/grpclib/interceptor/client.go:42.2,42.28 1 1
github.com/mwdev22/grpclib/interceptor/client.go:42.28,44.3 1 0
github.com/mwdev22/grpclib/interceptor/client.go:46.2,46.145 1 1
github.com/mwdev22/grpclib/interceptor/client.go:46.145,48.54 2 1
github.com/mwdev22/grpclib/interceptor/client.go:48.54,49.19 1 1
github.com/mwdev22/grpclib/interceptor/client.go:49.19,51.12 2 1
github.com/mwdev22/grpclib/interceptor/client.go:52.32,52.32 0 1
github.com/mwdev22/grpclib/interceptor/client.go:53.23,54.22 1 1
github.com/mwdev22/grpclib/interceptor/client.go:58.4,59.18 2 1
github.com/mwdev22/grpclib/interceptor/client.go:59.18,61.5 1 1
github.com/mwdev22/grpclib/interceptor/client.go:63.4,65.41 3 1
github.com/mwdev22/grpclib/interceptor/client.go:65.41,66.26 1 1
github.com/mwdev22/grpclib/interceptor/client.go:66.26,68.11 2 1
github.com/mwdev22/grpclib/interceptor/client.go:72.4,72.45 1 1
github.com/mwdev22/grpclib/interceptor/client.go:72.45,74.5 1 1
github.com/mwdev22/grpclib/interceptor/client.go:77.3,77.13 1 0
github.com/mwdev22/grpclib/interceptor/client.go:81.52,82.145 1 1
github.com/mwdev22/grpclib/interceptor/client.go:82.145,84.22 2 1
github.com/mwdev22/grpclib/interceptor/client.go:84.22,86.4 1 1
github.com/mwdev22/grpclib/interceptor/client.go:88.3,90.55 2 1
github.com/mwdev22/grpclib/interceptor/client.go:94.71,95.145 1 1
github.com/mwdev22/grpclib/interceptor/client.go:95.145,100.3 3 1
github.com/mwdev22/grpclib/interceptor/client.go:103.70,104.19 1 1
github.com/mwdev22/grpclib/interceptor/client.go:104.19,106.3 1 0
github.com/mwdev22/grpclib/interceptor/client.go:107.2,107.170 1 1
github.com/mwdev22/grpclib/interceptor/client.go:107.170,115.17 4 1
github.com/mwdev22/grpclib/interceptor/client.go:115.17,120.4 3 1
github.com/mwdev22/grpclib/interceptor/client.go:122.3,127.9 1 1
github.com/mwdev22/grpclib/interceptor/client.go:138.49,142.16 3 1
github.com/mwdev22/grpclib/interceptor/client.go:142.16,145.3 1 0
github.com/mwdev22/grpclib/interceptor/client.go:145.8,148.3 1 1
github.com/mwdev22/grpclib/interceptor/client.go:150.2,150.12 1 1
github.com/mwdev22/grpclib/interceptor/client.go:153.59,154.170 1 1
github.com/mwdev22/grpclib/interceptor/client.go:154.170,156.22 2 1
github.com/mwdev22/grpclib/interceptor/client.go:156.22,158.4 1 1
github.com/mwdev22/grpclib/interceptor/client.go:160.3,162.50 2 1
github.com/mwdev22/grpclib/interceptor/stream.go:16.64,17.19 1 1
github.com/mwdev22/grpclib/interceptor/stream.go:17.19,19.3 1 0
github.com/mwdev22/grpclib/interceptor/stream.go:20.2,20.108 1 1
github.com/mwdev22/grpclib/interceptor/stream.go:20.108,29.17 5 1
github.com/mwdev22/grpclib/interceptor/stream.go:29.17,33.4 2 1
github.com/mwdev22/grpclib/interceptor/stream.go:33.9,36.4 1 1
github.com/mwdev22/grpclib/interceptor/stream.go:38.3,38.13 1 1
github.com/mwdev22/grpclib/interceptor/stream.go:43.65,44.19 1 1
github.com/mwdev22/grpclib/interceptor/stream.go:44.19,46.3 1 0
github.com/mwdev22/grpclib/interceptor/stream.go:47.2,47.114 1 1
github.com/mwdev22/grpclib/interceptor/stream.go:47.114,48.16 1 1
github.com/mwdev22/grpclib/interceptor/stream.go:48.16,49.32 1 1
github.com/mwdev22/grpclib/interceptor/stream.go:49.32,52.5 2 1
github.com/mwdev22/grpclib/interceptor/stream.go:55.3,55.26 1 1
github.com/mwdev22/grpclib/interceptor/stream.go:59.53,60.108 1 1
github.com/mwdev22/grpclib/interceptor/stream.go:60.108,64.54 3 1
github.com/mwdev22/grpclib/interceptor/stream.go:64.54,65.51 1 1
github.com/mwdev22/grpclib/interceptor/stream.go:65.51,67.5 1 1
github.com/mwdev22/grpclib/interceptor/stream.go:70.3,70.22 1 1
github.com/mwdev22/grpclib/interceptor/stream.go:70.22,72.4 1 1
github.com/mwdev22/grpclib/interceptor/stream.go:74.3,81.37 3 1
github.com/mwdev22/grpclib/interceptor/stream.go:90.57,92.2 1 1
github.com/mwdev22/grpclib/interceptor/stream.go:94.50,95.108 1 1
github.com/mwdev22/grpclib/interceptor/stream.go:95.108,98.54 2 1
github.com/mwdev22/grpclib/interceptor/stream.go:98.54,99.54 1 1
github.com/mwdev22/grpclib/interceptor/stream.go:99.54,101.5 1 1
github.com/mwdev22/grpclib/interceptor/stream.go:101.10,101.55 1 1
github.com/mwdev22/grpclib/interceptor/stream.go:101.55,103.5 1 1
github.com/mwdev22/grpclib/interceptor/stream.go:106.3,111.37 2 1
github.com/mwdev22/grpclib/interceptor/unary.go:26.63,28.2 1 0
github.com/mwdev22/grpclib/interceptor/unary.go:30.64,32.2 1 0
github.com/mwdev22/grpclib/interceptor/unary.go:34.63,36.2 1 0
github.com/mwdev22/grpclib/interceptor/unary.go:40.57,41.19 1 1
github.com/mwdev22/grpclib/interceptor/unary.go:41.19,43.3 1 0
github.com/mwdev22/grpclib/interceptor/unary.go:44.2,44.121 1 1
github.com/mwdev22/grpclib/interceptor/unary.go:44.121,48.17 4 1
github.com/mwdev22/grpclib/interceptor/unary.go:48.17,52.4 2 0
github.com/mwdev22/grpclib/interceptor/unary.go:52.9,55.4 1 1
github.com/mwdev22/grpclib/interceptor/unary.go:57.3,57.19 1 1
github.com/mwdev22/grpclib/interceptor/unary.go:61.58,62.19 1 1
github.com/mwdev22/grpclib/interceptor/unary.go:62.19,64.3 1 0
github.com/mwdev22/grpclib/interceptor/unary.go:65.2,65.121 1 1
github.com/mwdev22/grpclib/interceptor/unary.go:65.121,66.16 1 1
github.com/mwdev22/grpclib/interceptor/unary.go:66.16,67.32 1 1
github.com/mwdev22/grpclib/interceptor/unary.go:67.32,70.5 2 1
github.com/mwdev22/grpclib/interceptor/unary.go:73.3,73.27 1 1
github.com/mwdev22/grpclib/interceptor/unary.go:77.46,78.121 1 1
github.com/mwdev22/grpclib/interceptor/unary.go:78.121,81.54 2 1
github.com/mwdev22/grpclib/interceptor/unary.go:81.54,82.51 1 0
github.com/mwdev22/grpclib/interceptor/unary.go:82.51,84.5 1 0
github.com/mwdev22/grpclib/interceptor/unary.go:87.3,87.22 1 1
github.com/mwdev22/grpclib/interceptor/unary.go:87.22,89.4 1 1
github.com/mwdev22/grpclib/interceptor/unary.go:91.3,93.27 2 1
github.com/mwdev22/grpclib/interceptor/unary.go:97.65,98.121 1 1
github.com/mwdev22/grpclib/interceptor/unary.go:98.121,106.13 6 1
github.com/mwdev22/grpclib/interceptor/unary.go:106.13,109.4 2 1
github.com/mwdev22/grpclib/interceptor/unary.go:111.3,111.10 1 1
github.com/mwdev22/grpclib/interceptor/unary.go:112.15,113.26 1 0
github.com/mwdev22/grpclib/interceptor/unary.go:114.21,115.80 1 1
github.com/mwdev22/grpclib/interceptor/unary.go:124.47,125.121 1 1
github.com/mwdev22/grpclib/interceptor/unary.go:125.121,126.35 1 1
github.com/mwdev22/grpclib/interceptor/unary.go:126.35,127.39 1 1
github.com/mwdev22/grpclib/interceptor/unary.go:127.39,129.5 1 1
github.com/mwdev22/grpclib/interceptor/unary.go:131.3,131.27 1 1
github.com/mwdev22/grpclib/interceptor/unary.go:135.43,136.121 1 0
github.com/mwdev22/grpclib/interceptor/unary.go:136.121,137.54 1 0
github.com/mwdev22/grpclib/interceptor/unary.go:137.54,138.54 1 0
github.com/mwdev22/grpclib/interceptor/unary.go:138.54,140.5 1 0
github.com/mwdev22/grpclib/interceptor/unary.go:140.10,140.55 1 0
github.com/mwdev22/grpclib/interceptor/unary.go:140.55,142.5 1 0
github.com/mwdev22/grpclib/interceptor/unary.go:145.3,145.27 1 0
